// Jest Snapshot v1, https://goo.gl/fbAQLP

exports[`FileDropZone should render file drop zone 1`] = `
<div>
  <div
    class="pf-v6-c-multiple-file-upload pf-chatbot__dropzone pf-chatbot__dropzone--default pf-chatbot__dropzone--invisible "
    role="presentation"
    tabindex="0"
  >
    <input
      hidden=""
      multiple=""
      style="border: 0px; clip: rect(0px, 0px, 0px, 0px); clip-path: inset(50%); height: 1px; margin: 0px -1px -1px 0px; overflow: hidden; padding: 0px; position: absolute; width: 1px; white-space: nowrap;"
      tabindex="-1"
      type="file"
    />
  </div>
</div>
`;
